>>> add_integer = __import__('0-add_integer').add_integer
>>> add_integer(1, 2)
3
>>> add_integer(100, -2)
98
>>> add_integer(2)
100
>>> add_integer(100.3, -2)
98
>>> add_integer(4.0, 5.5)
9
>>> add_integer(3.9)
101
>>> add_integer(-1, -3)
-4
>>> add_integer(1, "School")
Traceback (most recent call last):
    ...
TypeError: b must be an integer
>>> add_integer(None)
Traceback (most recent call last):
    ...
TypeError: a must be an integer
>>> add_integer(1e1000)
Traceback (most recent call last):
    ...
OverflowError: cannot convert float infinity to integer
